// Jest Snapshot v1, https://goo.gl/fbAQLP

exports[`Test in <GifGridItem/> should display the component correctly 1`] = `
<div
  className="card animate__animated animate__fadeIn"
>
  <img
    alt="Dragon ball"
    src="http://estoesunaimagen.com"
  />
  <p>
    Dragon ball
  </p>
</div>
`;
